// Vitest Snapshot v1, https://vitest.dev/guide/snapshot.html

exports[`after 1`] = `
paragraph "one"

'paragraph' \\two\\
`;

exports[`before 1`] = `
"paragraph \\"one\\"

'paragraph' \\\\two\\\\"
`;
